# serializer version: 1
# name: TestScientificSoftware.test_NoCitation
  '''
  Processing 1 module...
    Processing 'ScientificSoftware' (1 of 1)...
  
  
  
  
    DONE! ([31;1m-1[0m, <scrubbed duration>)
  DONE! ([31;1m-1[0m, <scrubbed duration>)
  
  
  ╭───────────────────────────────────────────────── ScientificSoftware ─────────────────────────────────────────────────╮
  │                                                                                                                      │
  │ Validates existence of repository files for Scientific Software.                                                     │
  │                                                                                                                      │
  │                                                                                                                      │
  │ [37mSuccessful:     0 (0.00%)[0m                                                                                            │
  │ [37mWarnings:       0 (0.00%)[0m                                                                                            │
  │ [37mErrors:         1 (100.00%)[0m                                                                                          │
  │ [37mSkipped:        0 (0.00%)[0m                                                                                            │
  │                                                                                                                      │
  │ [31m╭─[0m[31m [Error] Citation [0m[31m──────────────────────────────────────────────────────────────────────────────────────────────[0m[31m─╮[0m │
  │ [31m│[0m                                                                                                                  [31m│[0m │
  │ [31m│[0m Validates that CITATION file exists.                                                                             [31m│[0m │
  │ [31m│[0m                                                                                                                  [31m│[0m │
  │ [31m│[0m ERROR: No CITATION file found.                                                                                   [31m│[0m │
  │ [31m│[0m                                                                                                                  [31m│[0m │
  │ [31m│[0m Resolution                                                                                                       [31m│[0m │
  │ [31m│[0m ----------                                                                                                       [31m│[0m │
  │ [31m│[0m   1) Create a CITATION/CITATIONS file in in the root directory.                                                  [31m│[0m │
  │ [31m│[0m                                                                                                                  [31m│[0m │
  │ [31m│[0m   2) It can have any of the following extensions:                                                                [31m│[0m │
  │ [31m│[0m      -  e.g. `CITATION`                                                                                          [31m│[0m │
  │ [31m│[0m      - CITATION.cff                                                                                              [31m│[0m │
  │ [31m│[0m      - CITATION.md                                                                                               [31m│[0m │
  │ [31m│[0m      - CITATION.bib                                                                                              [31m│[0m │
  │ [31m│[0m                                                                                                                  [31m│[0m │
  │ [31m│[0m Rationale                                                                                                        [31m│[0m │
  │ [31m│[0m ---------                                                                                                        [31m│[0m │
  │ [31m│[0m   A citation file helps users correctly cite your software.                                                      [31m│[0m │
  │ [31m│[0m                                                                                                                  [31m│[0m │
  │ [31m│[0m   For more details, please see                                                                                   [31m│[0m │
  │ [31m│[0m   https://docs.github.com/en/repositories/managing-your-repositorys-settings-and-features/customizing-your-repos [31m│[0m │
  │ [31m│[0m itory/about-citation-files                                                                                       [31m│[0m │
  │ [31m│[0m                                                                                                                  [31m│[0m │
  │ [31m╰──────────────────────────────────────────────────────────────────────────────────────────────────────────────────╯[0m │
  │ [37m╭─[0m[37m Metrics [0m[37m───────────────────────────────────────────────────────────────────────────────────────────────────────[0m[37m─╮[0m │
  │ [37m│[0m                                                                                                                  [37m│[0m │
  │ [37m│[0m                                                                                                                  [37m│[0m │
  │ [37m│[0m [37mSuccessful:     0 (0.00%)[0m                                                                                        [37m│[0m │
  │ [37m│[0m [37mWarnings:       0 (0.00%)[0m                                                                                        [37m│[0m │
  │ [37m│[0m [37mErrors:         1 (100.00%)[0m                                                                                      [37m│[0m │
  │ [37m│[0m [37mSkipped:        0 (0.00%)[0m                                                                                        [37m│[0m │
  │ [37m│[0m                                                                                                                  [37m│[0m │
  │ [37m╰──────────────────────────────────────────────────────────────────────────────────────────────────────────────────╯[0m │
  │                                                                                                                      │
  ╰──────────────────────────────────────────────────────────────────────────────────────────────────────────────────────╯
  
  Results: DONE! ([31;1m-1[0m, <scrubbed duration>)
  
  
  '''
# ---
